// Jest Snapshot v1, https://goo.gl/fbAQLP

exports[`<Home /> can be rendered on [object Object] 1`] = `
<View
  style={
    Object {
      "alignItems": "center",
      "backgroundColor": "#fff",
      "flex": 1,
      "justifyContent": "center",
    }
  }
/>
`;

exports[`<Home /> can be rendered on [object Object] 2`] = `
<View
  style={
    Object {
      "alignItems": "center",
      "backgroundColor": "#fff",
      "flex": 1,
      "justifyContent": "center",
    }
  }
/>
`;
