// Jest Snapshot v1, https://goo.gl/fbAQLP

exports[`<SettingsButton /> can be rendered 1`] = `
<View
  accessible={true}
  focusable={true}
  onClick={[Function]}
  onResponderGrant={[Function]}
  onResponderMove={[Function]}
  onResponderRelease={[Function]}
  onResponderTerminate={[Function]}
  onResponderTerminationRequest={[Function]}
  onStartShouldSetResponder={[Function]}
  style={
    Object {
      "opacity": 1,
      "paddingLeft": 10,
      "paddingRight": 10,
    }
  }
>
  <Text />
</View>
`;
